// Jest Snapshot v1, https://goo.gl/fbAQLP

exports[`renders welcome message 1`] = `
<div
  className="body"
>
  <Header />
  <PokeTypes />
</div>
`;
